// Jest Snapshot v1, https://goo.gl/fbAQLP

exports[`<Filter /> expects render Filter correctly 1`] = `ReactWrapper {}`;
