// Jest Snapshot v1, https://goo.gl/fbAQLP

exports[`<VenueItem /> expects render VenueItem with mock data correctly 1`] = `ShallowWrapper {}`;

exports[`<VenueItem /> expects render no data VenueItem correctly 1`] = `ShallowWrapper {}`;
