// Jest Snapshot v1, https://goo.gl/fbAQLP

exports[`<VenueList /> expects render VenueList with mock data correctly 1`] = `ReactWrapper {}`;

exports[`<VenueList /> expects render empty VenueList correctly 1`] = `ShallowWrapper {}`;
